<?xml version="1.0" encoding="UTF-8"?>
<testng-results ignored="0" total="5" passed="5" failed="0" skipped="0">
  <reporter-output>
  </reporter-output>
  <suite started-at="2023-07-28T12:42:06 IST" name="Gradle suite" finished-at="2023-07-28T12:42:28 IST" duration-ms="21898">
    <groups>
      <group name="API_Tests">
        <method signature="testCase_API_01.register()[pri:1, instance:qtriptest.APITests.testCase_API_01@58cbafc2]" name="register" class="qtriptest.APITests.testCase_API_01"/>
        <method signature="testCase_API_03.TestCase_03()[pri:3, instance:qtriptest.APITests.testCase_API_03@2034b64c]" name="TestCase_03" class="qtriptest.APITests.testCase_API_03"/>
        <method signature="testCase_API_04.TestCase_04()[pri:4, instance:qtriptest.APITests.testCase_API_04@75d3a5e0]" name="TestCase_04" class="qtriptest.APITests.testCase_API_04"/>
        <method signature="testCase_API_02.TestCase_02()[pri:2, instance:qtriptest.APITests.testCase_API_02@793f29ff]" name="TestCase_02" class="qtriptest.APITests.testCase_API_02"/>
      </group> <!-- API_Tests -->
    </groups>
    <test started-at="2023-07-28T12:42:06 IST" name="Gradle test" finished-at="2023-07-28T12:42:28 IST" duration-ms="21898">
      <class name="qtriptest.APITests.testCase_API_01">
        <test-method is-config="true" signature="init()[pri:0, instance:qtriptest.APITests.testCase_API_01@58cbafc2]" started-at="2023-07-28T12:42:11 IST" name="init" finished-at="2023-07-28T12:42:11 IST" duration-ms="559" status="PASS">
          <reporter-output>
          </reporter-output>
        </test-method> <!-- init -->
        <test-method signature="register()[pri:1, instance:qtriptest.APITests.testCase_API_01@58cbafc2]" started-at="2023-07-28T12:42:11 IST" name="register" finished-at="2023-07-28T12:42:16 IST" duration-ms="4780" status="PASS">
          <reporter-output>
          </reporter-output>
        </test-method> <!-- register -->
        <test-method signature="login()[pri:0, instance:qtriptest.APITests.testCase_API_01@58cbafc2]" started-at="2023-07-28T12:42:16 IST" name="login" finished-at="2023-07-28T12:42:18 IST" depends-on-methods="qtriptest.APITests.testCase_API_01.register" duration-ms="1636" status="PASS">
          <reporter-output>
          </reporter-output>
        </test-method> <!-- login -->
      </class> <!-- qtriptest.APITests.testCase_API_01 -->
      <class name="qtriptest.APITests.testCase_API_02">
        <test-method is-config="true" signature="init()[pri:0, instance:qtriptest.APITests.testCase_API_02@793f29ff]" started-at="2023-07-28T12:42:18 IST" name="init" finished-at="2023-07-28T12:42:18 IST" duration-ms="1" status="PASS">
          <reporter-output>
          </reporter-output>
        </test-method> <!-- init -->
        <test-method signature="TestCase_02()[pri:2, instance:qtriptest.APITests.testCase_API_02@793f29ff]" started-at="2023-07-28T12:42:18 IST" name="TestCase_02" finished-at="2023-07-28T12:42:20 IST" duration-ms="1920" status="PASS">
          <reporter-output>
          </reporter-output>
        </test-method> <!-- TestCase_02 -->
      </class> <!-- qtriptest.APITests.testCase_API_02 -->
      <class name="qtriptest.APITests.testCase_API_03">
        <test-method is-config="true" signature="init()[pri:0, instance:qtriptest.APITests.testCase_API_03@2034b64c]" started-at="2023-07-28T12:42:20 IST" name="init" finished-at="2023-07-28T12:42:20 IST" duration-ms="1" status="PASS">
          <reporter-output>
          </reporter-output>
        </test-method> <!-- init -->
        <test-method signature="TestCase_03()[pri:3, instance:qtriptest.APITests.testCase_API_03@2034b64c]" started-at="2023-07-28T12:42:20 IST" name="TestCase_03" finished-at="2023-07-28T12:42:25 IST" duration-ms="5684" status="PASS">
          <reporter-output>
          </reporter-output>
        </test-method> <!-- TestCase_03 -->
      </class> <!-- qtriptest.APITests.testCase_API_03 -->
      <class name="qtriptest.APITests.testCase_API_04">
        <test-method signature="TestCase_04()[pri:4, instance:qtriptest.APITests.testCase_API_04@75d3a5e0]" started-at="2023-07-28T12:42:25 IST" name="TestCase_04" finished-at="2023-07-28T12:42:28 IST" duration-ms="2849" status="PASS">
          <reporter-output>
          </reporter-output>
        </test-method> <!-- TestCase_04 -->
      </class> <!-- qtriptest.APITests.testCase_API_04 -->
      <class name="qtriptest.tests.testCase_01">
        <test-method is-config="true" signature="createDriver()[pri:0, instance:qtriptest.tests.testCase_01@19e4653c]" started-at="2023-07-28T12:42:06 IST" name="createDriver" finished-at="2023-07-28T12:42:11 IST" duration-ms="4365" status="PASS">
          <reporter-output>
          </reporter-output>
        </test-method> <!-- createDriver -->
        <test-method is-config="true" signature="quitDriver()[pri:0, instance:qtriptest.tests.testCase_01@19e4653c]" started-at="2023-07-28T12:42:28 IST" name="quitDriver" finished-at="2023-07-28T12:42:28 IST" duration-ms="141" status="PASS">
          <reporter-output>
          </reporter-output>
        </test-method> <!-- quitDriver -->
      </class> <!-- qtriptest.tests.testCase_01 -->
    </test> <!-- Gradle test -->
  </suite> <!-- Gradle suite -->
</testng-results>
